// Jest Snapshot v1, https://goo.gl/fbAQLP

exports[`sgould render Not found page 1`] = `
<div>
  404 Page not found! 
  <Link
    to="/"
  >
    Go Home
  </Link>
</div>
`;
