// Jest Snapshot v1, https://goo.gl/fbAQLP

exports[`should render ExpenseList with empty message 1`] = `
<div>
  <p>
    No expenses added!
  </p>
  <h1>
    Expense List
  </h1>
</div>
`;

exports[`should render ExpenseList with expenses 1`] = `
<div>
  <Connect(ExpenseListItem)
    amount={350}
    createdAt={0}
    description="Gum"
    id={1}
    key="1"
    note=""
  />
  <Connect(ExpenseListItem)
    amount={1000}
    createdAt={-345600000}
    description="Rent"
    id={2}
    key="2"
    note=""
  />
  <Connect(ExpenseListItem)
    amount={4500}
    createdAt={345600000}
    description="Credit card"
    id={23}
    key="23"
    note=""
  />
  <h1>
    Expense List
  </h1>
</div>
`;
