// Jest Snapshot v1, https://goo.gl/fbAQLP

exports[`should render Header component 1`] = `
<header
  className="header"
>
  <h1>
    Expensify
  </h1>
  <div
    className="header__navlinks"
  >
    <NavLink
      activeClassName="is-active"
      to="/dashboard"
    >
      Dashboard
    </NavLink>
    <NavLink
      activeClassName="is-active"
      to="/create"
    >
      Create Expense
    </NavLink>
    <NavLink
      activeClassName="is-active"
      to="/help"
    >
      Help
    </NavLink>
    <button
      onClick={[Function]}
    >
      Logout
    </button>
  </div>
</header>
`;
